******************************************************************************
                  TI ARM Linker PC v20.2.7                     
******************************************************************************
>> Linked Thu Feb  1 23:34:57 2024

OUTPUT FILE NAME:   <speedometerTermProject.out>
ENTRY POINT SYMBOL: "_c_int00_noargs"  address: 0000095d


MEMORY CONFIGURATION

         name            origin    length      used     unused   attr    fill
----------------------  --------  ---------  --------  --------  ----  --------
  MAIN                  00000000   00200000  00000a1c  001ff5e4  R  X
  INFO                  00200000   00008000  00000000  00008000  R  X
  SRAM_CODE             01000000   00040000  0000020c  0003fdf4  RW X
  SRAM_DATA             20000000   00040000  0000020c  0003fdf4  RW  


SEGMENT ALLOCATION MAP

run origin  load origin   length   init length attrs members
----------  ----------- ---------- ----------- ----- -------
00000000    00000000    00000a1c   00000a1c    r-x
  00000000    00000000    000000e8   000000e8    r-- .intvecs
  000000e8    000000e8    00000918   00000918    r-x .text
  00000a00    00000a00    0000001c   0000001c    r-- .cinit
20000000    20000000    0000000c   00000000    rw-
  20000000    20000000    0000000c   00000000    rw- .data
2003fe00    2003fe00    00000200   00000000    rw-
  2003fe00    2003fe00    00000200   00000000    rw- .stack


SECTION ALLOCATION MAP

 output                                  attributes/
section   page    origin      length       input sections
--------  ----  ----------  ----------   ----------------
.intvecs   0    00000000    000000e8     
                  00000000    000000e8     startup_msp432p4111_ccs.obj (.intvecs:retain)

.text      0    000000e8    00000918     
                  000000e8    00000350     system_msp432p4111.obj (.text)
                  00000438    000001b0     lcd.obj (.text)
                  000005e8    000000e8     csHFXT.obj (.text)
                  000006d0    000000ac     delays.obj (.text)
                  0000077c    0000009c     rtsv7M4_T_le_v4SPD16_eabi.lib : memcpy_t2.asm.obj (.text)
                  00000818    00000096                                   : ull_div_t2.asm.obj (.text)
                  000008ae    00000068                                   : copy_decompress_lzss.c.obj (.text:decompress:lzss:__TI_decompress_lzss)
                  00000916    00000002                                   : div0.asm.obj (.text)
                  00000918    00000044                                   : autoinit.c.obj (.text:__TI_auto_init_nobinit_nopinit:__TI_auto_init_nobinit_nopinit)
                  0000095c    00000034                                   : boot_cortex_m.c.obj (.text:_c_int00_noargs:_c_int00_noargs)
                  00000990    00000034     main.obj (.text)
                  000009c4    00000018     rtsv7M4_T_le_v4SPD16_eabi.lib : ll_mul_t2.asm.obj (.text)
                  000009dc    0000000e                                   : copy_decompress_none.c.obj (.text:decompress:none:__TI_decompress_none)
                  000009ea    0000000e     startup_msp432p4111_ccs.obj (.text)
                  000009f8    00000004     rtsv7M4_T_le_v4SPD16_eabi.lib : pre_init.c.obj (.text:_system_pre_init)
                  000009fc    00000004                                   : exit.c.obj (.text:abort:abort)

.cinit     0    00000a00    0000001c     
                  00000a00    0000000b     (.cinit..data.load) [load image, compression = lzss]
                  00000a0b    00000001     --HOLE-- [fill = 0]
                  00000a0c    00000008     (__TI_handler_table)
                  00000a14    00000008     (__TI_cinit_table)

.init_array 
*          0    00000000    00000000     UNINITIALIZED

.binit     0    00000000    00000000     

.data      0    20000000    0000000c     UNINITIALIZED
                  20000000    00000008     delays.obj (.data)
                  20000008    00000004     system_msp432p4111.obj (.data)

.stack     0    2003fe00    00000200     UNINITIALIZED
                  2003fe00    00000004     rtsv7M4_T_le_v4SPD16_eabi.lib : boot_cortex_m.c.obj (.stack)
                  2003fe04    000001fc     --HOLE--

__llvm_prf_cnts 
*          0    20000000    00000000     UNINITIALIZED

MODULE SUMMARY

       Module                        code   ro data   rw data
       ------                        ----   -------   -------
    .\
       system_msp432p4111.obj        848    0         8      
       lcd.obj                       432    0         0      
       startup_msp432p4111_ccs.obj   14     232       0      
       csHFXT.obj                    232    0         0      
       delays.obj                    172    0         16     
       main.obj                      52     0         0      
    +--+-----------------------------+------+---------+---------+
       Total:                        1750   232       24     
                                                             
    C:\ti\ccs1250\ccs\tools\compiler\ti-cgt-arm_20.2.7.LTS\lib\rtsv7M4_T_le_v4SPD16_eabi.lib
       memcpy_t2.asm.obj             156    0         0      
       ull_div_t2.asm.obj            150    0         0      
       copy_decompress_lzss.c.obj    104    0         0      
       autoinit.c.obj                68     0         0      
       boot_cortex_m.c.obj           52     0         0      
       ll_mul_t2.asm.obj             24     0         0      
       copy_decompress_none.c.obj    14     0         0      
       exit.c.obj                    4      0         0      
       pre_init.c.obj                4      0         0      
       div0.asm.obj                  2      0         0      
    +--+-----------------------------+------+---------+---------+
       Total:                        578    0         0      
                                                             
       Stack:                        0      0         1024   
       Linker Generated:             0      27        0      
    +--+-----------------------------+------+---------+---------+
       Grand Total:                  2328   259       1048   


LINKER GENERATED COPY TABLES

__TI_cinit_table @ 00000a14 records: 1, size/record: 8, table size: 8
	.data: load addr=00000a00, load size=0000000b bytes, run addr=20000000, run size=0000000c bytes, compression=lzss


LINKER GENERATED HANDLER TABLE

__TI_handler_table @ 00000a0c records: 2, size/record: 4, table size: 8
	index: 0, handler: __TI_decompress_lzss
	index: 1, handler: __TI_decompress_none


GLOBAL SYMBOLS: SORTED ALPHABETICALLY BY Name 

address   name                          
-------   ----                          
000009f7  ADC14_IRQHandler              
000009f7  AES256_IRQHandler             
000009f7  BusFault_Handler              
000009fd  C$$EXIT                       
000009f7  COMP_E0_IRQHandler            
000009f7  COMP_E1_IRQHandler            
000009f7  CS_IRQHandler                 
000009f7  DMA_ERR_IRQHandler            
000009f7  DMA_INT0_IRQHandler           
000009f7  DMA_INT1_IRQHandler           
000009f7  DMA_INT2_IRQHandler           
000009f7  DMA_INT3_IRQHandler           
000009f7  DebugMon_Handler              
000009f7  Default_Handler               
000009f7  EUSCIA0_IRQHandler            
000009f7  EUSCIA1_IRQHandler            
000009f7  EUSCIA2_IRQHandler            
000009f7  EUSCIA3_IRQHandler            
000009f7  EUSCIB0_IRQHandler            
000009f7  EUSCIB1_IRQHandler            
000009f7  EUSCIB2_IRQHandler            
000009f7  EUSCIB3_IRQHandler            
000009f7  FLCTL_A_IRQHandler            
000009f7  FPU_IRQHandler                
000009f7  HardFault_Handler             
000009f7  LCD_F_IRQHandler              
000009f7  MemManage_Handler             
000009f7  NMI_Handler                   
000009f7  PCM_IRQHandler                
000009f7  PORT1_IRQHandler              
000009f7  PORT2_IRQHandler              
000009f7  PORT3_IRQHandler              
000009f7  PORT4_IRQHandler              
000009f7  PORT5_IRQHandler              
000009f7  PORT6_IRQHandler              
000009f7  PSS_IRQHandler                
000009f7  PendSV_Handler                
000009f7  RTC_C_IRQHandler              
000009eb  Reset_Handler                 
000009f7  SVC_Handler                   
000009f7  SysTick_Handler               
20000008  SystemCoreClock               
000000e9  SystemCoreClockUpdate         
00000361  SystemInit                    
000009f7  T32_INT1_IRQHandler           
000009f7  T32_INT2_IRQHandler           
000009f7  T32_INTC_IRQHandler           
000009f7  TA0_0_IRQHandler              
000009f7  TA0_N_IRQHandler              
000009f7  TA1_0_IRQHandler              
000009f7  TA1_N_IRQHandler              
000009f7  TA2_0_IRQHandler              
000009f7  TA2_N_IRQHandler              
000009f7  TA3_0_IRQHandler              
000009f7  TA3_N_IRQHandler              
000009f7  UsageFault_Handler            
4000480c  WDTCTL_SYM                    
000009f7  WDT_A_IRQHandler              
20040000  __STACK_END                   
00000200  __STACK_SIZE                  
00000a14  __TI_CINIT_Base               
00000a1c  __TI_CINIT_Limit              
00000a0c  __TI_Handler_Table_Base       
00000a14  __TI_Handler_Table_Limit      
00000919  __TI_auto_init_nobinit_nopinit
000008af  __TI_decompress_lzss          
000009dd  __TI_decompress_none          
ffffffff  __TI_pprof_out_hndl           
ffffffff  __TI_prof_data_size           
ffffffff  __TI_prof_data_start          
00000000  __TI_static_base__            
00000917  __aeabi_idiv0                 
00000917  __aeabi_ldiv0                 
000009c5  __aeabi_lmul                  
0000077d  __aeabi_memcpy                
0000077d  __aeabi_memcpy4               
0000077d  __aeabi_memcpy8               
00000819  __aeabi_uldivmod              
ffffffff  __binit__                     
ffffffff  __c_args__                    
UNDEFED   __mpu_init                    
2003fe00  __stack                       
20000000  __start___llvm_prf_cnts       
20000000  __stop___llvm_prf_cnts        
0000095d  _c_int00_noargs               
UNDEFED   _system_post_cinit            
000009f9  _system_pre_init              
000009fd  abort                         
ffffffff  binit                         
000005bd  clearDisplay                  
00000523  commandInstruction            
000005e9  configHFXT                    
00000439  configLCD                     
00000535  dataInstruction               
000006e5  delayMicroSec                 
00000755  delayMilliSec                 
00000689  error                         
000006d1  initDelayTimer                
00000547  initLCD                       
0000049d  instructionDelay              
00000000  interruptVectors              
00000991  main                          
0000077d  memcpy                        
000005ad  printChar                     
20000000  sysClkFreq                    
000004cb  writeInstruction              


GLOBAL SYMBOLS: SORTED BY Symbol Address 

address   name                          
-------   ----                          
00000000  __TI_static_base__            
00000000  interruptVectors              
000000e9  SystemCoreClockUpdate         
00000200  __STACK_SIZE                  
00000361  SystemInit                    
00000439  configLCD                     
0000049d  instructionDelay              
000004cb  writeInstruction              
00000523  commandInstruction            
00000535  dataInstruction               
00000547  initLCD                       
000005ad  printChar                     
000005bd  clearDisplay                  
000005e9  configHFXT                    
00000689  error                         
000006d1  initDelayTimer                
000006e5  delayMicroSec                 
00000755  delayMilliSec                 
0000077d  __aeabi_memcpy                
0000077d  __aeabi_memcpy4               
0000077d  __aeabi_memcpy8               
0000077d  memcpy                        
00000819  __aeabi_uldivmod              
000008af  __TI_decompress_lzss          
00000917  __aeabi_idiv0                 
00000917  __aeabi_ldiv0                 
00000919  __TI_auto_init_nobinit_nopinit
0000095d  _c_int00_noargs               
00000991  main                          
000009c5  __aeabi_lmul                  
000009dd  __TI_decompress_none          
000009eb  Reset_Handler                 
000009f7  ADC14_IRQHandler              
000009f7  AES256_IRQHandler             
000009f7  BusFault_Handler              
000009f7  COMP_E0_IRQHandler            
000009f7  COMP_E1_IRQHandler            
000009f7  CS_IRQHandler                 
000009f7  DMA_ERR_IRQHandler            
000009f7  DMA_INT0_IRQHandler           
000009f7  DMA_INT1_IRQHandler           
000009f7  DMA_INT2_IRQHandler           
000009f7  DMA_INT3_IRQHandler           
000009f7  DebugMon_Handler              
000009f7  Default_Handler               
000009f7  EUSCIA0_IRQHandler            
000009f7  EUSCIA1_IRQHandler            
000009f7  EUSCIA2_IRQHandler            
000009f7  EUSCIA3_IRQHandler            
000009f7  EUSCIB0_IRQHandler            
000009f7  EUSCIB1_IRQHandler            
000009f7  EUSCIB2_IRQHandler            
000009f7  EUSCIB3_IRQHandler            
000009f7  FLCTL_A_IRQHandler            
000009f7  FPU_IRQHandler                
000009f7  HardFault_Handler             
000009f7  LCD_F_IRQHandler              
000009f7  MemManage_Handler             
000009f7  NMI_Handler                   
000009f7  PCM_IRQHandler                
000009f7  PORT1_IRQHandler              
000009f7  PORT2_IRQHandler              
000009f7  PORT3_IRQHandler              
000009f7  PORT4_IRQHandler              
000009f7  PORT5_IRQHandler              
000009f7  PORT6_IRQHandler              
000009f7  PSS_IRQHandler                
000009f7  PendSV_Handler                
000009f7  RTC_C_IRQHandler              
000009f7  SVC_Handler                   
000009f7  SysTick_Handler               
000009f7  T32_INT1_IRQHandler           
000009f7  T32_INT2_IRQHandler           
000009f7  T32_INTC_IRQHandler           
000009f7  TA0_0_IRQHandler              
000009f7  TA0_N_IRQHandler              
000009f7  TA1_0_IRQHandler              
000009f7  TA1_N_IRQHandler              
000009f7  TA2_0_IRQHandler              
000009f7  TA2_N_IRQHandler              
000009f7  TA3_0_IRQHandler              
000009f7  TA3_N_IRQHandler              
000009f7  UsageFault_Handler            
000009f7  WDT_A_IRQHandler              
000009f9  _system_pre_init              
000009fd  C$$EXIT                       
000009fd  abort                         
00000a0c  __TI_Handler_Table_Base       
00000a14  __TI_CINIT_Base               
00000a14  __TI_Handler_Table_Limit      
00000a1c  __TI_CINIT_Limit              
20000000  __start___llvm_prf_cnts       
20000000  __stop___llvm_prf_cnts        
20000000  sysClkFreq                    
20000008  SystemCoreClock               
2003fe00  __stack                       
20040000  __STACK_END                   
4000480c  WDTCTL_SYM                    
ffffffff  __TI_pprof_out_hndl           
ffffffff  __TI_prof_data_size           
ffffffff  __TI_prof_data_start          
ffffffff  __binit__                     
ffffffff  __c_args__                    
ffffffff  binit                         
UNDEFED   __mpu_init                    
UNDEFED   _system_post_cinit            

[106 symbols]
