******************************************************************************
                  TI ARM Linker PC v20.2.7                     
******************************************************************************
>> Linked Tue Feb 20 15:04:35 2024

OUTPUT FILE NAME:   <speedometerTermProject.out>
ENTRY POINT SYMBOL: "_c_int00_noargs"  address: 00002b71


MEMORY CONFIGURATION

         name            origin    length      used     unused   attr    fill
----------------------  --------  ---------  --------  --------  ----  --------
  MAIN                  00000000   00200000  00002e11  001fd1ef  R  X
  INFO                  00200000   00008000  00000000  00008000  R  X
  SRAM_CODE             01000000   00040000  000002f2  0003fd0e  RW X
  SRAM_DATA             20000000   00040000  000002f2  0003fd0e  RW  


SEGMENT ALLOCATION MAP

run origin  load origin   length   init length attrs members
----------  ----------- ---------- ----------- ----- -------
00000000    00000000    00002e18   00002e18    r-x
  00000000    00000000    000000e8   000000e8    r-- .intvecs
  000000e8    000000e8    00002be8   00002be8    r-x .text
  00002cd0    00002cd0    00000111   00000111    r-- .const
  00002de8    00002de8    00000030   00000030    r-- .cinit
20000000    20000000    000000f5   00000000    rw-
  20000000    20000000    000000dd   00000000    rw- .bss
  200000e0    200000e0    00000015   00000000    rw- .data
2003fe00    2003fe00    00000200   00000000    rw-
  2003fe00    2003fe00    00000200   00000000    rw- .stack


SECTION ALLOCATION MAP

 output                                  attributes/
section   page    origin      length       input sections
--------  ----  ----------  ----------   ----------------
.intvecs   0    00000000    000000e8     
                  00000000    000000e8     startup_msp432p4111_ccs.obj (.intvecs:retain)

.text      0    000000e8    00002be8     
                  000000e8    00000a4e     rtsv7M4_T_le_v4SPD16_eabi.lib : _printfi.c.obj (.text:__TI_printfi)
                  00000b36    00000002                                   : div0.asm.obj (.text)
                  00000b38    0000042c     main.obj (.text)
                  00000f64    00000350     system_msp432p4111.obj (.text)
                  000012b4    00000270     rtsv7M4_T_le_v4SPD16_eabi.lib : _printfi.c.obj (.text:_pconv_a)
                  00001524    0000021c     lcd4bits_ece230winter23_24.obj (.text)
                  00001740    000001fc     keypadscan_subroutines.obj (.text)
                  0000193c    000001d0     rtsv7M4_T_le_v4SPD16_eabi.lib : _printfi.c.obj (.text:_pconv_g)
                  00001b0c    000001b6                                   : fd_add_t2.asm.obj (.text)
                  00001cc2    00000002     --HOLE-- [fill = 0]
                  00001cc4    0000013c                                   : _printfi.c.obj (.text:_pconv_e)
                  00001e00    00000136                                   : fd_div_t2.asm.obj (.text)
                  00001f36    00000002     --HOLE-- [fill = 0]
                  00001f38    00000124                                   : _printfi.c.obj (.text:fcvt)
                  0000205c    00000110                                   : s_scalbn.c.obj (.text:scalbn)
                  0000216c    000000fc                                   : fd_mul_t2.asm.obj (.text)
                  00002268    000000e8     csHFXT.obj (.text)
                  00002350    000000b1     rtsv7M4_T_le_v4SPD16_eabi.lib : _printfi.c.obj (.text:_ltostr)
                  00002401    00000001     --HOLE-- [fill = 0]
                  00002402    0000009c                                   : memcpy_t2.asm.obj (.text)
                  0000249e    00000096                                   : ull_div_t2.asm.obj (.text)
                  00002534    00000086                                   : fd_cmp_t2.asm.obj (.text:__aeabi_cdcmple)
                  000025ba    00000086                                   : fd_cmp_t2.asm.obj (.text:__aeabi_cdrcmple)
                  00002640    00000080     csLFXT.obj (.text)
                  000026c0    0000007a     rtsv7M4_T_le_v4SPD16_eabi.lib : memset_t2.asm.obj (.text)
                  0000273a    0000006e                                   : _printfi.c.obj (.text:_mcpy)
                  000027a8    0000006e                                   : fd_tos_t2.asm.obj (.text)
                  00002816    00000068                                   : copy_decompress_lzss.c.obj (.text:decompress:lzss:__TI_decompress_lzss)
                  0000287e    00000002     --HOLE-- [fill = 0]
                  00002880    00000064                                   : s_frexp.c.obj (.text:frexp)
                  000028e4    00000056                                   : _printfi.c.obj (.text:_pconv_f)
                  0000293a    00000054                                   : _ltoa.c.obj (.text:__TI_ltoa)
                  0000298e    00000052                                   : _printfi.c.obj (.text:_ecpy)
                  000029e0    0000004c                                   : atoi.c.obj (.text:atoi)
                  00002a2c    00000048                                   : fd_toi_t2.asm.obj (.text)
                  00002a74    00000044                                   : autoinit.c.obj (.text:__TI_auto_init_nobinit_nopinit:__TI_auto_init_nobinit_nopinit)
                  00002ab8    00000040                                   : sprintf.c.obj (.text:sprintf)
                  00002af8    0000003e                                   : _printfi.c.obj (.text:_fcpy)
                  00002b36    00000038                                   : fs_tod_t2.asm.obj (.text)
                  00002b6e    00000002     --HOLE-- [fill = 0]
                  00002b70    00000034                                   : boot_cortex_m.c.obj (.text:_c_int00_noargs:_c_int00_noargs)
                  00002ba4    0000002e                                   : i_tofd_t2.asm.obj (.text)
                  00002bd2    00000020                                   : u_tofd_t2.asm.obj (.text)
                  00002bf2    0000001c                                   : copy_zero_init.c.obj (.text:decompress:ZI:__TI_zero_init_nomemset:__TI_zero_init_nomemset)
                  00002c0e    0000001c                                   : memccpy.c.obj (.text:memccpy)
                  00002c2a    0000001a                                   : s_copysign.c.obj (.text:copysign)
                  00002c44    00000018                                   : sprintf.c.obj (.text:_outs)
                  00002c5c    00000016                                   : strchr.c.obj (.text:strchr)
                  00002c72    00000014                                   : strlen.c.obj (.text:strlen)
                  00002c86    00000012                                   : wcslen.c.obj (.text:wcslen)
                  00002c98    0000000e                                   : copy_decompress_none.c.obj (.text:decompress:none:__TI_decompress_none)
                  00002ca6    0000000e     startup_msp432p4111_ccs.obj (.text)
                  00002cb4    0000000a     rtsv7M4_T_le_v4SPD16_eabi.lib : sprintf.c.obj (.text:_outc)
                  00002cbe    00000002     --HOLE-- [fill = 0]
                  00002cc0    00000008                                   : errno.c.obj (.text:__aeabi_errno_addr)
                  00002cc8    00000004                                   : pre_init.c.obj (.text:_system_pre_init)
                  00002ccc    00000004                                   : exit.c.obj (.text:abort:abort)

.const     0    00002cd0    00000111     
                  00002cd0    00000101     rtsv7M4_T_le_v4SPD16_eabi.lib : ctype.c.obj (.const:.string:_ctypes_)
                  00002dd1    00000010     keypadscan_subroutines.obj (.const:.string:KeyPatterns)

.cinit     0    00002de8    00000030     
                  00002de8    0000000c     (.cinit..data.load) [load image, compression = lzss]
                  00002df4    0000000c     (__TI_handler_table)
                  00002e00    00000008     (.cinit..bss.load) [load image, compression = zero_init]
                  00002e08    00000010     (__TI_cinit_table)

.init_array 
*          0    00000000    00000000     UNINITIALIZED

.binit     0    00000000    00000000     

.bss       0    20000000    000000dd     UNINITIALIZED
                  20000000    000000c8     (.common:Buffer)
                  200000c8    00000004     (.common:RADIUS_IN_MILES)
                  200000cc    00000004     (.common:distance)
                  200000d0    00000004     (.common:input)
                  200000d4    00000004     (.common:mph)
                  200000d8    00000004     (.common:rpm)
                  200000dc    00000001     (.common:FoundKey)

.data      0    200000e0    00000015     UNINITIALIZED
                  200000e0    0000000c     main.obj (.data)
                  200000ec    00000004     rtsv7M4_T_le_v4SPD16_eabi.lib : errno.c.obj (.data)
                  200000f0    00000004     system_msp432p4111.obj (.data)
                  200000f4    00000001     keypadscan_subroutines.obj (.data)

.stack     0    2003fe00    00000200     UNINITIALIZED
                  2003fe00    00000004     rtsv7M4_T_le_v4SPD16_eabi.lib : boot_cortex_m.c.obj (.stack)
                  2003fe04    000001fc     --HOLE--

__llvm_prf_cnts 
*          0    20000000    00000000     UNINITIALIZED

MODULE SUMMARY

       Module                           code    ro data   rw data
       ------                           ----    -------   -------
    .\
       main.obj                         1068    0         464    
       system_msp432p4111.obj           848     0         8      
       lcd4bits_ece230winter23_24.obj   540     0         0      
       keypadscan_subroutines.obj       508     16        4      
       startup_msp432p4111_ccs.obj      14      232       0      
       csHFXT.obj                       232     0         0      
       csLFXT.obj                       128     0         0      
    +--+--------------------------------+-------+---------+---------+
       Total:                           3338    248       476    
                                                                 
    C:\ti\ccs1250\ccs\tools\compiler\ti-cgt-arm_20.2.7.LTS\lib\rtsv7M4_T_le_v4SPD16_eabi.lib
       _printfi.c.obj                   4851    0         0      
       fd_add_t2.asm.obj                438     0         0      
       fd_div_t2.asm.obj                310     0         0      
       s_scalbn.c.obj                   272     0         0      
       fd_cmp_t2.asm.obj                268     0         0      
       ctype.c.obj                      0       257       0      
       fd_mul_t2.asm.obj                252     0         0      
       memcpy_t2.asm.obj                156     0         0      
       ull_div_t2.asm.obj               150     0         0      
       memset_t2.asm.obj                122     0         0      
       fd_tos_t2.asm.obj                110     0         0      
       copy_decompress_lzss.c.obj       104     0         0      
       s_frexp.c.obj                    100     0         0      
       sprintf.c.obj                    98      0         0      
       _ltoa.c.obj                      84      0         0      
       atoi.c.obj                       76      0         0      
       fd_toi_t2.asm.obj                72      0         0      
       autoinit.c.obj                   68      0         0      
       fs_tod_t2.asm.obj                56      0         0      
       boot_cortex_m.c.obj              52      0         0      
       i_tofd_t2.asm.obj                46      0         0      
       u_tofd_t2.asm.obj                32      0         0      
       copy_zero_init.c.obj             28      0         0      
       memccpy.c.obj                    28      0         0      
       s_copysign.c.obj                 26      0         0      
       strchr.c.obj                     22      0         0      
       strlen.c.obj                     20      0         0      
       wcslen.c.obj                     18      0         0      
       errno.c.obj                      8       0         8      
       copy_decompress_none.c.obj       14      0         0      
       exit.c.obj                       4       0         0      
       pre_init.c.obj                   4       0         0      
       div0.asm.obj                     2       0         0      
    +--+--------------------------------+-------+---------+---------+
       Total:                           7891    257       8      
                                                                 
       Stack:                           0       0         1024   
       Linker Generated:                0       48        0      
    +--+--------------------------------+-------+---------+---------+
       Grand Total:                     11229   553       1508   


LINKER GENERATED COPY TABLES

__TI_cinit_table @ 00002e08 records: 2, size/record: 8, table size: 16
	.data: load addr=00002de8, load size=0000000c bytes, run addr=200000e0, run size=00000015 bytes, compression=lzss
	.bss: load addr=00002e00, load size=00000008 bytes, run addr=20000000, run size=000000dd bytes, compression=zero_init


LINKER GENERATED HANDLER TABLE

__TI_handler_table @ 00002df4 records: 3, size/record: 4, table size: 12
	index: 0, handler: __TI_decompress_lzss
	index: 1, handler: __TI_decompress_none
	index: 2, handler: __TI_zero_init


GLOBAL SYMBOLS: SORTED ALPHABETICALLY BY Name 

address   name                          
-------   ----                          
00002cb3  ADC14_IRQHandler              
00002cb3  AES256_IRQHandler             
20000000  Buffer                        
00002cb3  BusFault_Handler              
00002ccd  C$$EXIT                       
00002cb3  COMP_E0_IRQHandler            
00002cb3  COMP_E1_IRQHandler            
00002cb3  CS_IRQHandler                 
200000e4  CURRENT_REVOLUTIONS           
00002cb3  DMA_ERR_IRQHandler            
00002cb3  DMA_INT0_IRQHandler           
00002cb3  DMA_INT1_IRQHandler           
00002cb3  DMA_INT2_IRQHandler           
00002cb3  DMA_INT3_IRQHandler           
00002cb3  DebugMon_Handler              
00002cb3  Default_Handler               
000016e5  DelayMs                       
00002cb3  EUSCIA0_IRQHandler            
00002cb3  EUSCIA1_IRQHandler            
00002cb3  EUSCIA2_IRQHandler            
00002cb3  EUSCIA3_IRQHandler            
00002cb3  EUSCIB0_IRQHandler            
00002cb3  EUSCIB1_IRQHandler            
00002cb3  EUSCIB2_IRQHandler            
00002cb3  EUSCIB3_IRQHandler            
00002cb3  FLCTL_A_IRQHandler            
00002cb3  FPU_IRQHandler                
000017bb  FindKey                       
200000dc  FoundKey                      
00002cb3  HardFault_Handler             
00002dd1  KeyPatterns                   
00002cb3  LCD_F_IRQHandler              
000015d9  LCD_STROBE                    
00002cb3  MemManage_Handler             
00002cb3  NMI_Handler                   
200000f4  NewKeyPressed                 
00002cb3  PCM_IRQHandler                
00002cb3  PORT1_IRQHandler              
00000e85  PORT2_IRQHandler              
00000e85  PORT2_IRQHandler              
00002cb3  PORT3_IRQHandler              
000018cd  PORT4_IRQHandler              
000018cd  PORT4_IRQHandler              
00002cb3  PORT5_IRQHandler              
00002cb3  PORT6_IRQHandler              
00002cb3  PSS_IRQHandler                
00002cb3  PendSV_Handler                
200000c8  RADIUS_IN_MILES               
00002cb3  RTC_C_IRQHandler              
00002ca7  Reset_Handler                 
00002cb3  SVC_Handler                   
00002cb3  SysTick_Handler               
200000f0  SystemCoreClock               
00000f65  SystemCoreClockUpdate         
000011dd  SystemInit                    
00002cb3  T32_INT1_IRQHandler           
00002cb3  T32_INT2_IRQHandler           
00002cb3  T32_INTC_IRQHandler           
00000e6d  TA0_0_IRQHandler              
00000e6d  TA0_0_IRQHandler              
00002cb3  TA0_N_IRQHandler              
00002cb3  TA1_0_IRQHandler              
00002cb3  TA1_N_IRQHandler              
00002cb3  TA2_0_IRQHandler              
00002cb3  TA2_N_IRQHandler              
00002cb3  TA3_0_IRQHandler              
00002cb3  TA3_N_IRQHandler              
200000e0  TOTAL_REVOLUTIONS             
00002cb3  UsageFault_Handler            
4000480c  WDTCTL_SYM                    
00002cb3  WDT_A_IRQHandler              
20040000  __STACK_END                   
00000200  __STACK_SIZE                  
00002e08  __TI_CINIT_Base               
00002e18  __TI_CINIT_Limit              
00002df4  __TI_Handler_Table_Base       
00002e00  __TI_Handler_Table_Limit      
00002a75  __TI_auto_init_nobinit_nopinit
00002817  __TI_decompress_lzss          
00002c99  __TI_decompress_none          
0000293b  __TI_ltoa                     
ffffffff  __TI_pprof_out_hndl           
000000e9  __TI_printfi                  
ffffffff  __TI_prof_data_size           
ffffffff  __TI_prof_data_start          
00000000  __TI_static_base__            
00002bf3  __TI_zero_init_nomemset       
00002535  __aeabi_cdcmpeq               
00002535  __aeabi_cdcmple               
000025bb  __aeabi_cdrcmple              
000027a9  __aeabi_d2f                   
00002a2d  __aeabi_d2iz                  
00001b17  __aeabi_dadd                  
00001e01  __aeabi_ddiv                  
0000216d  __aeabi_dmul                  
00001b0d  __aeabi_dsub                  
00002cc1  __aeabi_errno_addr            
00002b37  __aeabi_f2d                   
00002ba5  __aeabi_i2d                   
00000b37  __aeabi_idiv0                 
00000b37  __aeabi_ldiv0                 
000026c1  __aeabi_memclr                
000026c1  __aeabi_memclr4               
000026c1  __aeabi_memclr8               
00002403  __aeabi_memcpy                
00002403  __aeabi_memcpy4               
00002403  __aeabi_memcpy8               
000026c3  __aeabi_memset                
000026c3  __aeabi_memset4               
000026c3  __aeabi_memset8               
00002bd3  __aeabi_ui2d                  
0000249f  __aeabi_uldivmod              
ffffffff  __binit__                     
ffffffff  __c_args__                    
UNDEFED   __mpu_init                    
2003fe00  __stack                       
20000000  __start___llvm_prf_cnts       
20000000  __stop___llvm_prf_cnts        
00002b71  _c_int00_noargs               
00002cd0  _ctypes_                      
UNDEFED   _system_post_cinit            
00002cc9  _system_pre_init              
00002ccd  abort                         
000029e1  atoi                          
ffffffff  binit                         
200000e8  calc                          
00002269  configHFXT                    
00000b5f  configHallPort                
00002641  configLFXT                    
00000b39  configTimer                   
00002c2b  copysign                      
00002c2b  copysignl                     
200000cc  distance                      
200000ec  errno                         
00002309  error                         
00002881  frexp                         
00002881  frexpl                        
200000d0  input                         
00000000  interruptVectors              
00001741  keypadconfiguration           
00001525  lcd4bits_init                 
00001639  lcd4bits_write                
000015fb  lcd8bits_write                
000016c7  lcd_SetLineNumber             
000016a3  lcd_clear                     
000016b5  lcd_putch                     
00001685  lcd_puts                      
0000205d  ldexp                         
0000205d  ldexpl                        
00000be9  main                          
00002c0f  memccpy                       
00002403  memcpy                        
000026c9  memset                        
200000d4  mph                           
200000d8  rpm                           
0000205d  scalbn                        
0000205d  scalbnl                       
00002ab9  sprintf                       
00002c5d  strchr                        
00002c73  strlen                        
00002c87  wcslen                        


GLOBAL SYMBOLS: SORTED BY Symbol Address 

address   name                          
-------   ----                          
00000000  __TI_static_base__            
00000000  interruptVectors              
000000e9  __TI_printfi                  
00000200  __STACK_SIZE                  
00000b37  __aeabi_idiv0                 
00000b37  __aeabi_ldiv0                 
00000b39  configTimer                   
00000b5f  configHallPort                
00000be9  main                          
00000e6d  TA0_0_IRQHandler              
00000e6d  TA0_0_IRQHandler              
00000e85  PORT2_IRQHandler              
00000e85  PORT2_IRQHandler              
00000f65  SystemCoreClockUpdate         
000011dd  SystemInit                    
00001525  lcd4bits_init                 
000015d9  LCD_STROBE                    
000015fb  lcd8bits_write                
00001639  lcd4bits_write                
00001685  lcd_puts                      
000016a3  lcd_clear                     
000016b5  lcd_putch                     
000016c7  lcd_SetLineNumber             
000016e5  DelayMs                       
00001741  keypadconfiguration           
000017bb  FindKey                       
000018cd  PORT4_IRQHandler              
000018cd  PORT4_IRQHandler              
00001b0d  __aeabi_dsub                  
00001b17  __aeabi_dadd                  
00001e01  __aeabi_ddiv                  
0000205d  ldexp                         
0000205d  ldexpl                        
0000205d  scalbn                        
0000205d  scalbnl                       
0000216d  __aeabi_dmul                  
00002269  configHFXT                    
00002309  error                         
00002403  __aeabi_memcpy                
00002403  __aeabi_memcpy4               
00002403  __aeabi_memcpy8               
00002403  memcpy                        
0000249f  __aeabi_uldivmod              
00002535  __aeabi_cdcmpeq               
00002535  __aeabi_cdcmple               
000025bb  __aeabi_cdrcmple              
00002641  configLFXT                    
000026c1  __aeabi_memclr                
000026c1  __aeabi_memclr4               
000026c1  __aeabi_memclr8               
000026c3  __aeabi_memset                
000026c3  __aeabi_memset4               
000026c3  __aeabi_memset8               
000026c9  memset                        
000027a9  __aeabi_d2f                   
00002817  __TI_decompress_lzss          
00002881  frexp                         
00002881  frexpl                        
0000293b  __TI_ltoa                     
000029e1  atoi                          
00002a2d  __aeabi_d2iz                  
00002a75  __TI_auto_init_nobinit_nopinit
00002ab9  sprintf                       
00002b37  __aeabi_f2d                   
00002b71  _c_int00_noargs               
00002ba5  __aeabi_i2d                   
00002bd3  __aeabi_ui2d                  
00002bf3  __TI_zero_init_nomemset       
00002c0f  memccpy                       
00002c2b  copysign                      
00002c2b  copysignl                     
00002c5d  strchr                        
00002c73  strlen                        
00002c87  wcslen                        
00002c99  __TI_decompress_none          
00002ca7  Reset_Handler                 
00002cb3  ADC14_IRQHandler              
00002cb3  AES256_IRQHandler             
00002cb3  BusFault_Handler              
00002cb3  COMP_E0_IRQHandler            
00002cb3  COMP_E1_IRQHandler            
00002cb3  CS_IRQHandler                 
00002cb3  DMA_ERR_IRQHandler            
00002cb3  DMA_INT0_IRQHandler           
00002cb3  DMA_INT1_IRQHandler           
00002cb3  DMA_INT2_IRQHandler           
00002cb3  DMA_INT3_IRQHandler           
00002cb3  DebugMon_Handler              
00002cb3  Default_Handler               
00002cb3  EUSCIA0_IRQHandler            
00002cb3  EUSCIA1_IRQHandler            
00002cb3  EUSCIA2_IRQHandler            
00002cb3  EUSCIA3_IRQHandler            
00002cb3  EUSCIB0_IRQHandler            
00002cb3  EUSCIB1_IRQHandler            
00002cb3  EUSCIB2_IRQHandler            
00002cb3  EUSCIB3_IRQHandler            
00002cb3  FLCTL_A_IRQHandler            
00002cb3  FPU_IRQHandler                
00002cb3  HardFault_Handler             
00002cb3  LCD_F_IRQHandler              
00002cb3  MemManage_Handler             
00002cb3  NMI_Handler                   
00002cb3  PCM_IRQHandler                
00002cb3  PORT1_IRQHandler              
00002cb3  PORT3_IRQHandler              
00002cb3  PORT5_IRQHandler              
00002cb3  PORT6_IRQHandler              
00002cb3  PSS_IRQHandler                
00002cb3  PendSV_Handler                
00002cb3  RTC_C_IRQHandler              
00002cb3  SVC_Handler                   
00002cb3  SysTick_Handler               
00002cb3  T32_INT1_IRQHandler           
00002cb3  T32_INT2_IRQHandler           
00002cb3  T32_INTC_IRQHandler           
00002cb3  TA0_N_IRQHandler              
00002cb3  TA1_0_IRQHandler              
00002cb3  TA1_N_IRQHandler              
00002cb3  TA2_0_IRQHandler              
00002cb3  TA2_N_IRQHandler              
00002cb3  TA3_0_IRQHandler              
00002cb3  TA3_N_IRQHandler              
00002cb3  UsageFault_Handler            
00002cb3  WDT_A_IRQHandler              
00002cc1  __aeabi_errno_addr            
00002cc9  _system_pre_init              
00002ccd  C$$EXIT                       
00002ccd  abort                         
00002cd0  _ctypes_                      
00002dd1  KeyPatterns                   
00002df4  __TI_Handler_Table_Base       
00002e00  __TI_Handler_Table_Limit      
00002e08  __TI_CINIT_Base               
00002e18  __TI_CINIT_Limit              
20000000  Buffer                        
20000000  __start___llvm_prf_cnts       
20000000  __stop___llvm_prf_cnts        
200000c8  RADIUS_IN_MILES               
200000cc  distance                      
200000d0  input                         
200000d4  mph                           
200000d8  rpm                           
200000dc  FoundKey                      
200000e0  TOTAL_REVOLUTIONS             
200000e4  CURRENT_REVOLUTIONS           
200000e8  calc                          
200000ec  errno                         
200000f0  SystemCoreClock               
200000f4  NewKeyPressed                 
2003fe00  __stack                       
20040000  __STACK_END                   
4000480c  WDTCTL_SYM                    
ffffffff  __TI_pprof_out_hndl           
ffffffff  __TI_prof_data_size           
ffffffff  __TI_prof_data_start          
ffffffff  __binit__                     
ffffffff  __c_args__                    
ffffffff  binit                         
UNDEFED   __mpu_init                    
UNDEFED   _system_post_cinit            

[161 symbols]
